{"case": "plugin_digest_available", "category": "compatibility", "actual": false, "expected": false, "status": "pass"}

  deps           [--------------------]  1/100  studio deps         {"case": "cold_install_calls", "category": "compatibility", "actual": 1, "expected": 1, "status": "pass"}
{"case": "cold_import", "category": "compatibility", "actual": 0, "expected": 0, "status": "pass"}

  deps           [--------------------]  2/100  studio deps         {"case": "warm_install_calls", "category": "compatibility", "actual": 1, "expected": 1, "status": "pass"}
{"case": "warm_import", "category": "compatibility", "actual": 0, "expected": 0, "status": "pass"}
{"case": "no_redundant_install_invariant", "category": "negative_proof", "actual": false, "expected": false, "status": "pass"}
{"case": "removed_child_breaks_import", "category": "compatibility", "actual": true, "expected": true, "status": "pass"}

  deps           [--------------------]  3/100  studio deps         {"case": "repair_install_calls", "category": "compatibility", "actual": 1, "expected": 1, "status": "pass"}
{"case": "repair_import", "category": "compatibility", "actual": 0, "expected": 0, "status": "pass"}

  deps           [--------------------]  4/100  studio deps         {"case": "settled_repair_install_calls", "category": "compatibility", "actual": 1, "expected": 1, "status": "pass"}
{"case": "settled_repair_import", "category": "compatibility", "actual": 0, "expected": 0, "status": "pass"}

  deps           [=-------------------]  5/100  studio deps         {"case": "constraint_change_install_calls", "category": "compatibility", "actual": 1, "expected": 1, "status": "pass"}
{"case": "constraint_change_import", "category": "compatibility", "actual": 0, "expected": 0, "status": "pass"}
{"case": "constraint_installed_version", "category": "compatibility", "actual": "2.0", "expected": "2.0", "status": "pass"}

  deps           [=-------------------]  6/100  studio deps         {"case": "settled_constraint_install_calls", "category": "compatibility", "actual": 1, "expected": 1, "status": "pass"}
{"case": "settled_constraint_import", "category": "compatibility", "actual": 0, "expected": 0, "status": "pass"}

  deps           [=-------------------]  7/100  studio deps         {"case": "requirements_change_install_calls", "category": "compatibility", "actual": 1, "expected": 1, "status": "pass"}
{"case": "requirements_change_import", "category": "compatibility", "actual": 0, "expected": 0, "status": "pass"}

  deps           [=-------------------]  8/100  studio deps         {"case": "settled_requirements_install_calls", "category": "compatibility", "actual": 1, "expected": 1, "status": "pass"}
{"case": "settled_requirements_import", "category": "compatibility", "actual": 0, "expected": 0, "status": "pass"}
{"case": "other_reader_accepts_manifest", "category": "compatibility", "actual": true, "expected": true, "status": "pass"}
{"case": "live_interrupted_is_incomplete", "category": "compatibility", "actual": false, "expected": false, "status": "pass"}
{"case": "parked_interrupted_is_incomplete", "category": "compatibility", "actual": false, "expected": false, "status": "pass"}

  deps           [--------------------]  1/100  triton kernels      {"case": "triton_no_evidence_intact_dispatch", "category": "compatibility", "actual": 1, "expected": 1, "status": "pass"}

  deps           [--------------------]  2/100  triton kernels      {"case": "triton_no_evidence_missing_dispatch", "category": "compatibility", "actual": 1, "expected": 1, "status": "pass"}

  deps           [--------------------]  3/100  triton kernels      {"case": "triton_no_evidence_truncated_dispatch", "category": "compatibility", "actual": 1, "expected": 1, "status": "pass"}

  deps           [--------------------]  4/100  triton kernels      {"case": "triton_no_evidence_no_record_dispatch", "category": "compatibility", "actual": 1, "expected": 1, "status": "pass"}

  deps           [=-------------------]  5/100  triton kernels      {"case": "triton_no_evidence_forced_dispatch", "category": "compatibility", "actual": 1, "expected": 1, "status": "pass"}

  deps           [=-------------------]  6/100  triton kernels      {"case": "triton_warm_intact_dispatch", "category": "compatibility", "actual": 1, "expected": 1, "status": "pass"}

  deps           [=-------------------]  7/100  triton kernels      {"case": "triton_warm_missing_dispatch", "category": "compatibility", "actual": 1, "expected": 1, "status": "pass"}

  deps           [=-------------------]  8/100  triton kernels      {"case": "triton_warm_truncated_dispatch", "category": "compatibility", "actual": 1, "expected": 1, "status": "pass"}

  deps           [=-------------------]  9/100  triton kernels      {"case": "triton_warm_no_record_dispatch", "category": "compatibility", "actual": 1, "expected": 1, "status": "pass"}

  deps           [==------------------] 10/100  triton kernels      {"case": "triton_warm_forced_dispatch", "category": "compatibility", "actual": 1, "expected": 1, "status": "pass"}
{"case": "shell_cpu_to_cu128", "category": "compatibility", "actual": "true", "expected": "true", "status": "pass"}
{"case": "shell_cu128_to_cpu", "category": "compatibility", "actual": "true", "expected": "true", "status": "pass"}
{"case": "shell_cu128_to_rocm7.1", "category": "compatibility", "actual": "true", "expected": "true", "status": "pass"}
{"case": "shell_rocm7.1_to_cu128", "category": "compatibility", "actual": "true", "expected": "true", "status": "pass"}
{"case": "shell_rocm7.1_to_cpu", "category": "compatibility", "actual": "true", "expected": "true", "status": "pass"}
{"case": "shell_cpu_to_rocm7.1", "category": "compatibility", "actual": "true", "expected": "true", "status": "pass"}
{"case": "shell_cu128_to_cu130", "category": "compatibility", "actual": "true", "expected": "true", "status": "pass"}
{"case": "shell_cpu_to_cu128-private", "category": "compatibility", "actual": "true", "expected": "true", "status": "pass"}
{"case": "shell_cpu_to_cpu", "category": "compatibility", "actual": "true", "expected": "true", "status": "pass"}

